src/components/infralith/BlueprintTo3D.tsx(1155,23): error TS17002: Expected corresponding JSX closing tag for 'motion.div'.
