src/components/infralith/BlueprintTo3D.tsx(1689,38): error TS2304: Cannot find name 'ChevronLeft'.
